// Jest Snapshot v1, https://goo.gl/fbAQLP

exports[`<App /> renders correctly 1`] = `
<View
  style={
    Object {
      "alignItems": "center",
      "backgroundColor": "#1d2d3a",
      "flex": 1,
      "justifyContent": "center",
    }
  }
>
  <View
    style={
      Object {
        "alignSelf": "center",
        "backgroundColor": "#fff",
        "borderRadius": 4,
        "overflow": "hidden",
        "paddingVertical": 8,
        "position": "absolute",
        "shadowColor": "#000",
        "shadowOffset": Object {
          "height": 1,
          "width": 0,
        },
        "shadowOpacity": 0.4,
        "shadowRadius": 1,
        "top": 44,
        "width": 200,
        "zIndex": 70,
      }
    }
  >
    <Text
      style={
        Object {
          "color": "#d7263d",
          "fontSize": 20,
          "fontWeight": "bold",
          "textAlign": "center",
        }
      }
    >
      info bar
    </Text>
    <View
      style={
        Array [
          Object {
            "bottom": 0,
            "position": "absolute",
            "width": "100%",
          },
          Object {
            "height": 4,
          },
        ]
      }
    >
      <View
        style={
          Array [
            Object {
              "bottom": 0,
              "left": 0,
              "position": "absolute",
              "right": 0,
              "top": 0,
            },
            Object {
              "backgroundColor": "rgba(0, 0, 0, 0.2)",
            },
          ]
        }
      />
      <View
        style={
          Object {
            "backgroundColor": "#d7263d",
            "bottom": 0,
            "left": 0,
            "position": "absolute",
            "top": 0,
            "width": "10%",
          }
        }
      />
    </View>
  </View>
  <Text
    style={
      Object {
        "color": "#fff",
      }
    }
  >
    welcome!
  </Text>
  <Text
    style={
      Object {
        "color": "#fff",
      }
    }
  >
    this is a simple one page react native app
  </Text>
  <View
    accessible={true}
    isTVSelectable={true}
    onResponderGrant={[Function]}
    onResponderMove={[Function]}
    onResponderRelease={[Function]}
    onResponderTerminate={[Function]}
    onResponderTerminationRequest={[Function]}
    onStartShouldSetResponder={[Function]}
    style={
      Object {
        "alignItems": "center",
        "backgroundColor": "#0197f6",
        "borderRadius": 4,
        "bottom": 16,
        "height": 64,
        "justifyContent": "center",
        "left": 16,
        "opacity": 1,
        "padding": 4,
        "position": "absolute",
        "width": 64,
      }
    }
  >
    <Text
      style={
        Object {
          "textAlign": "center",
        }
      }
    >
      left menu
    </Text>
  </View>
  <View
    accessible={true}
    isTVSelectable={true}
    onResponderGrant={[Function]}
    onResponderMove={[Function]}
    onResponderRelease={[Function]}
    onResponderTerminate={[Function]}
    onResponderTerminationRequest={[Function]}
    onStartShouldSetResponder={[Function]}
    style={
      Object {
        "alignItems": "center",
        "backgroundColor": "#0197f6",
        "borderRadius": 4,
        "bottom": 16,
        "height": 64,
        "justifyContent": "center",
        "opacity": 1,
        "padding": 4,
        "position": "absolute",
        "right": 16,
        "width": 64,
      }
    }
  >
    <Text
      style={
        Object {
          "textAlign": "center",
        }
      }
    >
      right menu
    </Text>
  </View>
</View>
`;
